// Jest Snapshot v1, https://goo.gl/fbAQLP

exports[`Spartacus product configurator schematics: ng-add Product config feature CPQ and Textfield eager loading should import appropriate modules 1`] = `
"import { NgModule } from '@angular/core';
import { I18nConfig, provideConfig } from "@spartacus/core";
import { configuratorTranslationChunksConfig, configuratorTranslations } from "@spartacus/product-configurator/common/assets";
import { RulebasedConfiguratorModule } from "@spartacus/product-configurator/rulebased";
import { RulebasedCpqConfiguratorModule } from "@spartacus/product-configurator/rulebased/cpq";
import { CpqConfiguratorRootModule, RulebasedConfiguratorRootModule } from "@spartacus/product-configurator/rulebased/root";
import { TextfieldConfiguratorModule } from "@spartacus/product-configurator/textfield";
import { TextfieldConfiguratorRootModule } from "@spartacus/product-configurator/textfield/root";

@NgModule({
  declarations: [],
  imports: [
    RulebasedConfiguratorRootModule,
    RulebasedConfiguratorModule,
    CpqConfiguratorRootModule,
    RulebasedCpqConfiguratorModule,
    TextfieldConfiguratorRootModule,
    TextfieldConfiguratorModule
  ],
  providers: [provideConfig(<I18nConfig>{
    i18n: {
      resources: configuratorTranslations,
      chunks: configuratorTranslationChunksConfig,
    },
  })]
})
export class ProductConfiguratorFeatureModule { }
"
`;

exports[`Spartacus product configurator schematics: ng-add Product config feature CPQ and Textfield general setup b2b features configuration should be added 1`] = `
"import { NgModule } from '@angular/core';
import { translationChunksConfig, translations } from "@spartacus/assets";
import { FeaturesConfig, I18nConfig, OccConfig, provideConfig, SiteContextConfig } from "@spartacus/core";
import { defaultB2bOccConfig } from "@spartacus/setup";
import { defaultCmsContentProviders, layoutConfig, mediaConfig } from "@spartacus/storefront";

@NgModule({
  declarations: [],
  imports: [
  ],
  providers: [provideConfig(layoutConfig), provideConfig(mediaConfig), ...defaultCmsContentProviders, provideConfig(<OccConfig>{
    backend: {
      occ: {
        baseUrl: 'https://localhost:9002',
      }
    },
  }), provideConfig(<SiteContextConfig>{
    context: {},
  }), provideConfig(<I18nConfig>{
    i18n: {
      resources: translations,
      chunks: translationChunksConfig,
      fallbackLang: 'en'
    },
  }), provideConfig(<FeaturesConfig>{
    features: {
      level: '2211.31'
    }
  }), provideConfig(defaultB2bOccConfig)]
})
export class SpartacusConfigurationModule { }
"
`;

exports[`Spartacus product configurator schematics: ng-add Product config feature CPQ and Textfield general setup should add the feature using the lazy loading syntax, including VC as well 1`] = `
"import { NgModule } from '@angular/core';
import { CmsConfig, I18nConfig, provideConfig } from "@spartacus/core";
import { configuratorTranslationChunksConfig, configuratorTranslations } from "@spartacus/product-configurator/common/assets";
import { CpqConfiguratorRootModule, PRODUCT_CONFIGURATOR_RULEBASED_FEATURE, RulebasedConfiguratorRootModule } from "@spartacus/product-configurator/rulebased/root";
import { PRODUCT_CONFIGURATOR_TEXTFIELD_FEATURE, TextfieldConfiguratorRootModule } from "@spartacus/product-configurator/textfield/root";

@NgModule({
  declarations: [],
  imports: [
    RulebasedConfiguratorRootModule,
    CpqConfiguratorRootModule,
    TextfieldConfiguratorRootModule
  ],
  providers: [provideConfig(<CmsConfig>{
    featureModules: {
      [PRODUCT_CONFIGURATOR_RULEBASED_FEATURE]: {
        module: () =>
          import('./rulebased-configurator-wrapper.module').then((m) => m.RulebasedConfiguratorWrapperModule),
      },
    }
  }),
  provideConfig(<I18nConfig>{
    i18n: {
      resources: configuratorTranslations,
      chunks: configuratorTranslationChunksConfig,
    },
  }),
  provideConfig(<CmsConfig>{
    featureModules: {
      [PRODUCT_CONFIGURATOR_TEXTFIELD_FEATURE]: {
        module: () =>
          import('@spartacus/product-configurator/textfield').then((m) => m.TextfieldConfiguratorModule),
      },
    }
  })
  ]
})
export class ProductConfiguratorFeatureModule { }
"
`;

exports[`Spartacus product configurator schematics: ng-add Product config feature CPQ and Textfield general setup should add the feature using the lazy loading syntax, including VC as well 2`] = `
"import { NgModule } from '@angular/core';
import { RulebasedConfiguratorModule } from "@spartacus/product-configurator/rulebased";
import { RulebasedCpqConfiguratorModule } from "@spartacus/product-configurator/rulebased/cpq";

@NgModule({
  declarations: [],
  imports: [
    RulebasedConfiguratorModule,
    RulebasedCpqConfiguratorModule
  ]
})
export class RulebasedConfiguratorWrapperModule { }
"
`;

exports[`Spartacus product configurator schematics: ng-add Product config feature CPQ and Textfield general setup styling should create a proper scss file 1`] = `
"@import "../../styles-config";
@import "@spartacus/product-configurator";
"
`;

exports[`Spartacus product configurator schematics: ng-add Product config feature CPQ and Textfield general setup styling should update angular.json 1`] = `
"{
  "$schema": "./node_modules/@angular/cli/lib/config/schema.json",
  "version": 1,
  "newProjectRoot": "",
  "projects": {
    "schematics-test": {
      "projectType": "application",
      "schematics": {
        "@schematics/angular:component": {
          "style": "scss",
          "standalone": false
        },
        "@schematics/angular:directive": {
          "standalone": false
        },
        "@schematics/angular:pipe": {
          "standalone": false
        }
      },
      "root": "",
      "sourceRoot": "src",
      "prefix": "app",
      "architect": {
        "build": {
          "builder": "@angular-devkit/build-angular:application",
          "options": {
            "outputPath": "dist/schematics-test",
            "index": "src/index.html",
            "browser": "src/main.ts",
            "polyfills": [
              "zone.js"
            ],
            "tsConfig": "tsconfig.app.json",
            "inlineStyleLanguage": "scss",
            "assets": [
              "src/favicon.ico",
              "src/assets"
            ],
            "styles": [
              "src/styles.scss",
              "src/styles/spartacus/product-configurator.scss"
            ],
            "scripts": [],
            "stylePreprocessorOptions": {
              "includePaths": [
                "node_modules/"
              ]
            }
          },
          "configurations": {
            "production": {
              "budgets": [
                {
                  "type": "initial",
                  "maximumWarning": "500kb",
                  "maximumError": "3.5mb"
                },
                {
                  "type": "anyComponentStyle",
                  "maximumWarning": "2kb",
                  "maximumError": "4kb"
                }
              ],
              "outputHashing": "all"
            },
            "development": {
              "optimization": false,
              "extractLicenses": false,
              "sourceMap": true
            }
          },
          "defaultConfiguration": "production"
        },
        "serve": {
          "builder": "@angular-devkit/build-angular:dev-server",
          "configurations": {
            "production": {
              "buildTarget": "schematics-test:build:production"
            },
            "development": {
              "buildTarget": "schematics-test:build:development"
            }
          },
          "defaultConfiguration": "development"
        },
        "extract-i18n": {
          "builder": "@angular-devkit/build-angular:extract-i18n",
          "options": {
            "buildTarget": "schematics-test:build"
          }
        },
        "test": {
          "builder": "@angular-devkit/build-angular:karma",
          "options": {
            "polyfills": [
              "zone.js",
              "zone.js/testing"
            ],
            "tsConfig": "tsconfig.spec.json",
            "inlineStyleLanguage": "scss",
            "assets": [
              "src/favicon.ico",
              "src/assets"
            ],
            "styles": [
              "src/styles.scss",
              "src/styles/spartacus/product-configurator.scss"
            ],
            "scripts": [],
            "stylePreprocessorOptions": {
              "includePaths": [
                "node_modules/"
              ]
            }
          }
        }
      }
    }
  }
}"
`;

exports[`Spartacus product configurator schematics: ng-add Product config feature CPQ eager loading should import appropriate modules 1`] = `
"import { NgModule } from '@angular/core';
import { I18nConfig, provideConfig } from "@spartacus/core";
import { configuratorTranslationChunksConfig, configuratorTranslations } from "@spartacus/product-configurator/common/assets";
import { RulebasedConfiguratorModule } from "@spartacus/product-configurator/rulebased";
import { RulebasedCpqConfiguratorModule } from "@spartacus/product-configurator/rulebased/cpq";
import { CpqConfiguratorRootModule, RulebasedConfiguratorRootModule } from "@spartacus/product-configurator/rulebased/root";

@NgModule({
  declarations: [],
  imports: [
    RulebasedConfiguratorRootModule,
    RulebasedConfiguratorModule,
    CpqConfiguratorRootModule,
    RulebasedCpqConfiguratorModule
  ],
  providers: [provideConfig(<I18nConfig>{
    i18n: {
      resources: configuratorTranslations,
      chunks: configuratorTranslationChunksConfig,
    },
  })]
})
export class ProductConfiguratorFeatureModule { }
"
`;

exports[`Spartacus product configurator schematics: ng-add Product config feature CPQ general setup b2b features configuration should be added 1`] = `
"import { NgModule } from '@angular/core';
import { translationChunksConfig, translations } from "@spartacus/assets";
import { FeaturesConfig, I18nConfig, OccConfig, provideConfig, SiteContextConfig } from "@spartacus/core";
import { defaultB2bOccConfig } from "@spartacus/setup";
import { defaultCmsContentProviders, layoutConfig, mediaConfig } from "@spartacus/storefront";

@NgModule({
  declarations: [],
  imports: [
  ],
  providers: [provideConfig(layoutConfig), provideConfig(mediaConfig), ...defaultCmsContentProviders, provideConfig(<OccConfig>{
    backend: {
      occ: {
        baseUrl: 'https://localhost:9002',
      }
    },
  }), provideConfig(<SiteContextConfig>{
    context: {},
  }), provideConfig(<I18nConfig>{
    i18n: {
      resources: translations,
      chunks: translationChunksConfig,
      fallbackLang: 'en'
    },
  }), provideConfig(<FeaturesConfig>{
    features: {
      level: '2211.31'
    }
  }), provideConfig(defaultB2bOccConfig)]
})
export class SpartacusConfigurationModule { }
"
`;

exports[`Spartacus product configurator schematics: ng-add Product config feature CPQ general setup should add the feature using the lazy loading syntax, and include VC as well 1`] = `
"import { NgModule } from '@angular/core';
import { CmsConfig, I18nConfig, provideConfig } from "@spartacus/core";
import { configuratorTranslationChunksConfig, configuratorTranslations } from "@spartacus/product-configurator/common/assets";
import { CpqConfiguratorRootModule, PRODUCT_CONFIGURATOR_RULEBASED_FEATURE, RulebasedConfiguratorRootModule } from "@spartacus/product-configurator/rulebased/root";

@NgModule({
  declarations: [],
  imports: [
    RulebasedConfiguratorRootModule,
    CpqConfiguratorRootModule
  ],
  providers: [provideConfig(<CmsConfig>{
    featureModules: {
      [PRODUCT_CONFIGURATOR_RULEBASED_FEATURE]: {
        module: () =>
          import('./rulebased-configurator-wrapper.module').then((m) => m.RulebasedConfiguratorWrapperModule),
      },
    }
  }),
  provideConfig(<I18nConfig>{
    i18n: {
      resources: configuratorTranslations,
      chunks: configuratorTranslationChunksConfig,
    },
  })
  ]
})
export class ProductConfiguratorFeatureModule { }
"
`;

exports[`Spartacus product configurator schematics: ng-add Product config feature CPQ general setup should add the feature using the lazy loading syntax, and include VC as well 2`] = `
"import { NgModule } from '@angular/core';
import { RulebasedConfiguratorModule } from "@spartacus/product-configurator/rulebased";
import { RulebasedCpqConfiguratorModule } from "@spartacus/product-configurator/rulebased/cpq";

@NgModule({
  declarations: [],
  imports: [
    RulebasedConfiguratorModule,
    RulebasedCpqConfiguratorModule
  ]
})
export class RulebasedConfiguratorWrapperModule { }
"
`;

exports[`Spartacus product configurator schematics: ng-add Product config feature CPQ general setup styling should create a proper scss file 1`] = `
"@import "../../styles-config";
@import "@spartacus/product-configurator";
"
`;

exports[`Spartacus product configurator schematics: ng-add Product config feature CPQ general setup styling should update angular.json 1`] = `
"{
  "$schema": "./node_modules/@angular/cli/lib/config/schema.json",
  "version": 1,
  "newProjectRoot": "",
  "projects": {
    "schematics-test": {
      "projectType": "application",
      "schematics": {
        "@schematics/angular:component": {
          "style": "scss",
          "standalone": false
        },
        "@schematics/angular:directive": {
          "standalone": false
        },
        "@schematics/angular:pipe": {
          "standalone": false
        }
      },
      "root": "",
      "sourceRoot": "src",
      "prefix": "app",
      "architect": {
        "build": {
          "builder": "@angular-devkit/build-angular:application",
          "options": {
            "outputPath": "dist/schematics-test",
            "index": "src/index.html",
            "browser": "src/main.ts",
            "polyfills": [
              "zone.js"
            ],
            "tsConfig": "tsconfig.app.json",
            "inlineStyleLanguage": "scss",
            "assets": [
              "src/favicon.ico",
              "src/assets"
            ],
            "styles": [
              "src/styles.scss",
              "src/styles/spartacus/product-configurator.scss"
            ],
            "scripts": [],
            "stylePreprocessorOptions": {
              "includePaths": [
                "node_modules/"
              ]
            }
          },
          "configurations": {
            "production": {
              "budgets": [
                {
                  "type": "initial",
                  "maximumWarning": "500kb",
                  "maximumError": "3.5mb"
                },
                {
                  "type": "anyComponentStyle",
                  "maximumWarning": "2kb",
                  "maximumError": "4kb"
                }
              ],
              "outputHashing": "all"
            },
            "development": {
              "optimization": false,
              "extractLicenses": false,
              "sourceMap": true
            }
          },
          "defaultConfiguration": "production"
        },
        "serve": {
          "builder": "@angular-devkit/build-angular:dev-server",
          "configurations": {
            "production": {
              "buildTarget": "schematics-test:build:production"
            },
            "development": {
              "buildTarget": "schematics-test:build:development"
            }
          },
          "defaultConfiguration": "development"
        },
        "extract-i18n": {
          "builder": "@angular-devkit/build-angular:extract-i18n",
          "options": {
            "buildTarget": "schematics-test:build"
          }
        },
        "test": {
          "builder": "@angular-devkit/build-angular:karma",
          "options": {
            "polyfills": [
              "zone.js",
              "zone.js/testing"
            ],
            "tsConfig": "tsconfig.spec.json",
            "inlineStyleLanguage": "scss",
            "assets": [
              "src/favicon.ico",
              "src/assets"
            ],
            "styles": [
              "src/styles.scss",
              "src/styles/spartacus/product-configurator.scss"
            ],
            "scripts": [],
            "stylePreprocessorOptions": {
              "includePaths": [
                "node_modules/"
              ]
            }
          }
        }
      }
    }
  }
}"
`;

exports[`Spartacus product configurator schematics: ng-add Product config feature Textfield eager loading should import appropriate modules 1`] = `
"import { NgModule } from '@angular/core';
import { I18nConfig, provideConfig } from "@spartacus/core";
import { configuratorTranslationChunksConfig, configuratorTranslations } from "@spartacus/product-configurator/common/assets";
import { TextfieldConfiguratorModule } from "@spartacus/product-configurator/textfield";
import { TextfieldConfiguratorRootModule } from "@spartacus/product-configurator/textfield/root";

@NgModule({
  declarations: [],
  imports: [
    TextfieldConfiguratorRootModule,
    TextfieldConfiguratorModule
  ],
  providers: [provideConfig(<I18nConfig>{
    i18n: {
      resources: configuratorTranslations,
      chunks: configuratorTranslationChunksConfig,
    },
  })]
})
export class ProductConfiguratorFeatureModule { }
"
`;

exports[`Spartacus product configurator schematics: ng-add Product config feature Textfield general setup b2b features configuration should not be added 1`] = `
"import { NgModule } from '@angular/core';
import { translationChunksConfig, translations } from "@spartacus/assets";
import { FeaturesConfig, I18nConfig, OccConfig, provideConfig, SiteContextConfig } from "@spartacus/core";
import { defaultCmsContentProviders, layoutConfig, mediaConfig } from "@spartacus/storefront";

@NgModule({
  declarations: [],
  imports: [
  ],
  providers: [provideConfig(layoutConfig), provideConfig(mediaConfig), ...defaultCmsContentProviders, provideConfig(<OccConfig>{
    backend: {
      occ: {
        baseUrl: 'https://localhost:9002',
      }
    },
  }), provideConfig(<SiteContextConfig>{
    context: {},
  }), provideConfig(<I18nConfig>{
    i18n: {
      resources: translations,
      chunks: translationChunksConfig,
      fallbackLang: 'en'
    },
  }), provideConfig(<FeaturesConfig>{
    features: {
      level: '2211.31'
    }
  })]
})
export class SpartacusConfigurationModule { }
"
`;

exports[`Spartacus product configurator schematics: ng-add Product config feature Textfield general setup should add the feature using the lazy loading syntax 1`] = `
"import { NgModule } from '@angular/core';
import { CmsConfig, I18nConfig, provideConfig } from "@spartacus/core";
import { configuratorTranslationChunksConfig, configuratorTranslations } from "@spartacus/product-configurator/common/assets";
import { PRODUCT_CONFIGURATOR_TEXTFIELD_FEATURE, TextfieldConfiguratorRootModule } from "@spartacus/product-configurator/textfield/root";

@NgModule({
  declarations: [],
  imports: [
    TextfieldConfiguratorRootModule
  ],
  providers: [provideConfig(<CmsConfig>{
    featureModules: {
      [PRODUCT_CONFIGURATOR_TEXTFIELD_FEATURE]: {
        module: () =>
          import('@spartacus/product-configurator/textfield').then((m) => m.TextfieldConfiguratorModule),
      },
    }
  }),
  provideConfig(<I18nConfig>{
    i18n: {
      resources: configuratorTranslations,
      chunks: configuratorTranslationChunksConfig,
    },
  })
  ]
})
export class ProductConfiguratorFeatureModule { }
"
`;

exports[`Spartacus product configurator schematics: ng-add Product config feature Textfield general setup styling should create a proper scss file 1`] = `
"@import "../../styles-config";
@import "@spartacus/product-configurator";
"
`;

exports[`Spartacus product configurator schematics: ng-add Product config feature Textfield general setup styling should update angular.json 1`] = `
"{
  "$schema": "./node_modules/@angular/cli/lib/config/schema.json",
  "version": 1,
  "newProjectRoot": "",
  "projects": {
    "schematics-test": {
      "projectType": "application",
      "schematics": {
        "@schematics/angular:component": {
          "style": "scss",
          "standalone": false
        },
        "@schematics/angular:directive": {
          "standalone": false
        },
        "@schematics/angular:pipe": {
          "standalone": false
        }
      },
      "root": "",
      "sourceRoot": "src",
      "prefix": "app",
      "architect": {
        "build": {
          "builder": "@angular-devkit/build-angular:application",
          "options": {
            "outputPath": "dist/schematics-test",
            "index": "src/index.html",
            "browser": "src/main.ts",
            "polyfills": [
              "zone.js"
            ],
            "tsConfig": "tsconfig.app.json",
            "inlineStyleLanguage": "scss",
            "assets": [
              "src/favicon.ico",
              "src/assets"
            ],
            "styles": [
              "src/styles.scss",
              "src/styles/spartacus/product-configurator.scss"
            ],
            "scripts": [],
            "stylePreprocessorOptions": {
              "includePaths": [
                "node_modules/"
              ]
            }
          },
          "configurations": {
            "production": {
              "budgets": [
                {
                  "type": "initial",
                  "maximumWarning": "500kb",
                  "maximumError": "3.5mb"
                },
                {
                  "type": "anyComponentStyle",
                  "maximumWarning": "2kb",
                  "maximumError": "4kb"
                }
              ],
              "outputHashing": "all"
            },
            "development": {
              "optimization": false,
              "extractLicenses": false,
              "sourceMap": true
            }
          },
          "defaultConfiguration": "production"
        },
        "serve": {
          "builder": "@angular-devkit/build-angular:dev-server",
          "configurations": {
            "production": {
              "buildTarget": "schematics-test:build:production"
            },
            "development": {
              "buildTarget": "schematics-test:build:development"
            }
          },
          "defaultConfiguration": "development"
        },
        "extract-i18n": {
          "builder": "@angular-devkit/build-angular:extract-i18n",
          "options": {
            "buildTarget": "schematics-test:build"
          }
        },
        "test": {
          "builder": "@angular-devkit/build-angular:karma",
          "options": {
            "polyfills": [
              "zone.js",
              "zone.js/testing"
            ],
            "tsConfig": "tsconfig.spec.json",
            "inlineStyleLanguage": "scss",
            "assets": [
              "src/favicon.ico",
              "src/assets"
            ],
            "styles": [
              "src/styles.scss",
              "src/styles/spartacus/product-configurator.scss"
            ],
            "scripts": [],
            "stylePreprocessorOptions": {
              "includePaths": [
                "node_modules/"
              ]
            }
          }
        }
      }
    }
  }
}"
`;

exports[`Spartacus product configurator schematics: ng-add Product config feature VC eager loading should import appropriate modules 1`] = `
"import { NgModule } from '@angular/core';
import { I18nConfig, provideConfig } from "@spartacus/core";
import { configuratorTranslationChunksConfig, configuratorTranslations } from "@spartacus/product-configurator/common/assets";
import { RulebasedConfiguratorModule } from "@spartacus/product-configurator/rulebased";
import { RulebasedConfiguratorRootModule } from "@spartacus/product-configurator/rulebased/root";

@NgModule({
  declarations: [],
  imports: [
    RulebasedConfiguratorRootModule,
    RulebasedConfiguratorModule
  ],
  providers: [provideConfig(<I18nConfig>{
    i18n: {
      resources: configuratorTranslations,
      chunks: configuratorTranslationChunksConfig,
    },
  })]
})
export class ProductConfiguratorFeatureModule { }
"
`;

exports[`Spartacus product configurator schematics: ng-add Product config feature VC general setup should add the feature using the lazy loading syntax 1`] = `
"import { NgModule } from '@angular/core';
import { CmsConfig, I18nConfig, provideConfig } from "@spartacus/core";
import { configuratorTranslationChunksConfig, configuratorTranslations } from "@spartacus/product-configurator/common/assets";
import { PRODUCT_CONFIGURATOR_RULEBASED_FEATURE, RulebasedConfiguratorRootModule } from "@spartacus/product-configurator/rulebased/root";

@NgModule({
  declarations: [],
  imports: [
    RulebasedConfiguratorRootModule
  ],
  providers: [provideConfig(<CmsConfig>{
    featureModules: {
      [PRODUCT_CONFIGURATOR_RULEBASED_FEATURE]: {
        module: () =>
          import('@spartacus/product-configurator/rulebased').then((m) => m.RulebasedConfiguratorModule),
      },
    }
  }),
  provideConfig(<I18nConfig>{
    i18n: {
      resources: configuratorTranslations,
      chunks: configuratorTranslationChunksConfig,
    },
  })
  ]
})
export class ProductConfiguratorFeatureModule { }
"
`;

exports[`Spartacus product configurator schematics: ng-add Product config feature VC general setup styling should create a proper scss file 1`] = `
"@import "../../styles-config";
@import "@spartacus/product-configurator";
"
`;

exports[`Spartacus product configurator schematics: ng-add Product config feature VC general setup styling should update angular.json 1`] = `
"{
  "$schema": "./node_modules/@angular/cli/lib/config/schema.json",
  "version": 1,
  "newProjectRoot": "",
  "projects": {
    "schematics-test": {
      "projectType": "application",
      "schematics": {
        "@schematics/angular:component": {
          "style": "scss",
          "standalone": false
        },
        "@schematics/angular:directive": {
          "standalone": false
        },
        "@schematics/angular:pipe": {
          "standalone": false
        }
      },
      "root": "",
      "sourceRoot": "src",
      "prefix": "app",
      "architect": {
        "build": {
          "builder": "@angular-devkit/build-angular:application",
          "options": {
            "outputPath": "dist/schematics-test",
            "index": "src/index.html",
            "browser": "src/main.ts",
            "polyfills": [
              "zone.js"
            ],
            "tsConfig": "tsconfig.app.json",
            "inlineStyleLanguage": "scss",
            "assets": [
              "src/favicon.ico",
              "src/assets"
            ],
            "styles": [
              "src/styles.scss",
              "src/styles/spartacus/product-configurator.scss"
            ],
            "scripts": [],
            "stylePreprocessorOptions": {
              "includePaths": [
                "node_modules/"
              ]
            }
          },
          "configurations": {
            "production": {
              "budgets": [
                {
                  "type": "initial",
                  "maximumWarning": "500kb",
                  "maximumError": "3.5mb"
                },
                {
                  "type": "anyComponentStyle",
                  "maximumWarning": "2kb",
                  "maximumError": "4kb"
                }
              ],
              "outputHashing": "all"
            },
            "development": {
              "optimization": false,
              "extractLicenses": false,
              "sourceMap": true
            }
          },
          "defaultConfiguration": "production"
        },
        "serve": {
          "builder": "@angular-devkit/build-angular:dev-server",
          "configurations": {
            "production": {
              "buildTarget": "schematics-test:build:production"
            },
            "development": {
              "buildTarget": "schematics-test:build:development"
            }
          },
          "defaultConfiguration": "development"
        },
        "extract-i18n": {
          "builder": "@angular-devkit/build-angular:extract-i18n",
          "options": {
            "buildTarget": "schematics-test:build"
          }
        },
        "test": {
          "builder": "@angular-devkit/build-angular:karma",
          "options": {
            "polyfills": [
              "zone.js",
              "zone.js/testing"
            ],
            "tsConfig": "tsconfig.spec.json",
            "inlineStyleLanguage": "scss",
            "assets": [
              "src/favicon.ico",
              "src/assets"
            ],
            "styles": [
              "src/styles.scss",
              "src/styles/spartacus/product-configurator.scss"
            ],
            "scripts": [],
            "stylePreprocessorOptions": {
              "includePaths": [
                "node_modules/"
              ]
            }
          }
        }
      }
    }
  }
}"
`;
