// Jest Snapshot v1, https://goo.gl/fbAQLP

exports[`Spartacus Schematics: ng-add should add spartacus properly with SSR 1`] = `
"import { HttpClientModule } from "@angular/common/http";
import { NgModule } from '@angular/core';
import { BrowserModule,  } from '@angular/platform-browser';
import { EffectsModule } from "@ngrx/effects";
import { StoreModule } from "@ngrx/store";
import { AppRoutingModule } from "@spartacus/storefront";
import { AppComponent } from './app.component';
import { SpartacusModule } from './spartacus/spartacus.module';

@NgModule({
  declarations: [
    AppComponent
  ],
  imports: [
    BrowserModule,
    HttpClientModule,
    AppRoutingModule,
    StoreModule.forRoot({}),
    EffectsModule.forRoot([]),
    SpartacusModule
  ],
  providers: [
  ],
  bootstrap: [AppComponent]
})
export class AppModule { }
"
`;

exports[`Spartacus Schematics: ng-add should add spartacus properly with SSR 2`] = `
"{
  "name": "workspace",
  "version": "0.0.0",
  "scripts": {
    "ng": "ng",
    "start": "ng serve",
    "build": "ng build",
    "watch": "ng build --watch --configuration development",
    "test": "ng test",
    "serve:ssr:schematics-test": "node dist/schematics-test/server/server.mjs"
  },
  "private": true,
  "dependencies": {
    "@angular/animations": "^17.0.0",
    "@angular/common": "^17.0.0",
    "@angular/compiler": "^17.0.0",
    "@angular/core": "^17.0.0",
    "@angular/forms": "^17.0.0",
    "@angular/platform-browser": "^17.0.0",
    "@angular/platform-browser-dynamic": "^17.0.0",
    "@angular/platform-server": "^17.0.5",
    "@angular/router": "^17.0.0",
    "@angular/service-worker": "^17.0.5",
    "@angular/ssr": "^17.0.5",
    "@fontsource/open-sans": "^4.5.14",
    "@fortawesome/fontawesome-free": "6.5.1",
    "@ng-select/ng-select": "^12.0.4",
    "@ngrx/effects": "^17.0.1",
    "@ngrx/router-store": "^17.0.1",
    "@ngrx/store": "^17.0.1",
    "@spartacus/assets": "~2211.19.0-1",
    "@spartacus/core": "~2211.19.0-1",
    "@spartacus/setup": "~2211.19.0-1",
    "@spartacus/storefront": "~2211.19.0-1",
    "@spartacus/styles": "~2211.19.0-1",
    "angular-oauth2-oidc": "^17.0.1",
    "bootstrap": "^4.6.2",
    "express": "^4.18.2",
    "i18next": "^23.7.6",
    "i18next-http-backend": "^2.4.2",
    "i18next-resources-to-backend": "^1.2.0",
    "ngx-infinite-scroll": "^17.0.0",
    "rxjs": "~7.8.0",
    "ts-loader": "^9.4.4",
    "tslib": "^2.3.0",
    "zone.js": "~0.14.2"
  },
  "devDependencies": {
    "@angular-devkit/build-angular": "^17.0.5",
    "@angular/cli": "^0.5.0",
    "@angular/compiler-cli": "^17.0.0",
    "@types/express": "^4.17.17",
    "@types/jasmine": "~5.1.0",
    "@types/node": "^18.18.0",
    "jasmine-core": "~5.1.0",
    "karma": "~6.4.0",
    "karma-chrome-launcher": "~3.2.0",
    "karma-coverage": "~2.2.0",
    "karma-jasmine": "~5.1.0",
    "karma-jasmine-html-reporter": "~2.1.0",
    "typescript": "~5.2.2"
  }
}"
`;

exports[`Spartacus Schematics: ng-add should add spartacus properly with SSR 3`] = `
"import { NgModule } from '@angular/core';
import { ServerModule } from '@angular/platform-server';

import { AppModule } from './app.module';
import { AppComponent } from './app.component';
import { provideServer } from '@spartacus/setup/ssr';

@NgModule({
  imports: [
    AppModule,
    ServerModule,
  ],
  bootstrap: [AppComponent],
  providers: [
    ...provideServer({
       serverRequestOrigin: process.env['SERVER_REQUEST_ORIGIN'],
     }),
  ],
})
export class AppServerModule {}
"
`;
