// Jest Snapshot v1, https://goo.gl/fbAQLP

exports[`Spartacus Organization schematics: ng-add Account summary feature eager loading should import appropriate modules 1`] = `
"import { NgModule } from '@angular/core';
import { I18nConfig, provideConfig } from "@spartacus/core";
import { AccountSummaryModule } from "@spartacus/organization/account-summary";
import { accountSummaryTranslationChunksConfig, accountSummaryTranslations } from "@spartacus/organization/account-summary/assets";
import { AccountSummaryRootModule } from "@spartacus/organization/account-summary/root";

@NgModule({
  declarations: [],
  imports: [
    AccountSummaryRootModule,
    AccountSummaryModule
  ],
  providers: [provideConfig(<I18nConfig>{
    i18n: {
      resources: accountSummaryTranslations,
      chunks: accountSummaryTranslationChunksConfig,
    },
  })]
})
export class OrganizationAccountSummaryFeatureModule { }
"
`;

exports[`Spartacus Organization schematics: ng-add Account summary feature general setup b2b features configuration should be added 1`] = `
"import { NgModule } from '@angular/core';
import { translationChunksConfig, translations } from "@spartacus/assets";
import { FeaturesConfig, I18nConfig, OccConfig, provideConfig, SiteContextConfig } from "@spartacus/core";
import { defaultB2bOccConfig } from "@spartacus/setup";
import { defaultCmsContentProviders, layoutConfig, mediaConfig } from "@spartacus/storefront";

@NgModule({
  declarations: [],
  imports: [
  ],
  providers: [provideConfig(layoutConfig), provideConfig(mediaConfig), ...defaultCmsContentProviders, provideConfig(<OccConfig>{
    backend: {
      occ: {
        baseUrl: 'https://localhost:9002',
      }
    },
  }), provideConfig(<SiteContextConfig>{
    context: {},
  }), provideConfig(<I18nConfig>{
    i18n: {
      resources: translations,
      chunks: translationChunksConfig,
      fallbackLang: 'en'
    },
  }), provideConfig(<FeaturesConfig>{
    features: {
      level: '2211.31'
    }
  }), provideConfig(defaultB2bOccConfig)]
})
export class SpartacusConfigurationModule { }
"
`;

exports[`Spartacus Organization schematics: ng-add Account summary feature general setup should add the feature using the lazy loading syntax 1`] = `
"import { NgModule } from '@angular/core';
import { CmsConfig, I18nConfig, provideConfig } from "@spartacus/core";
import { accountSummaryTranslationChunksConfig, accountSummaryTranslations } from "@spartacus/organization/account-summary/assets";
import { AccountSummaryRootModule, ORGANIZATION_ACCOUNT_SUMMARY_FEATURE } from "@spartacus/organization/account-summary/root";

@NgModule({
  declarations: [],
  imports: [
    AccountSummaryRootModule
  ],
  providers: [provideConfig(<CmsConfig>{
    featureModules: {
      [ORGANIZATION_ACCOUNT_SUMMARY_FEATURE]: {
        module: () =>
          import('@spartacus/organization/account-summary').then((m) => m.AccountSummaryModule),
      },
    }
  }),
  provideConfig(<I18nConfig>{
    i18n: {
      resources: accountSummaryTranslations,
      chunks: accountSummaryTranslationChunksConfig,
    },
  })
  ]
})
export class OrganizationAccountSummaryFeatureModule { }
"
`;

exports[`Spartacus Organization schematics: ng-add Account summary feature general setup styling should create a proper scss file 1`] = `
"@import "../../styles-config";
@import "@spartacus/organization";
"
`;

exports[`Spartacus Organization schematics: ng-add Account summary feature general setup styling should update angular.json 1`] = `
"{
  "$schema": "./node_modules/@angular/cli/lib/config/schema.json",
  "version": 1,
  "newProjectRoot": "",
  "projects": {
    "schematics-test": {
      "projectType": "application",
      "schematics": {
        "@schematics/angular:component": {
          "style": "scss",
          "standalone": false
        },
        "@schematics/angular:directive": {
          "standalone": false
        },
        "@schematics/angular:pipe": {
          "standalone": false
        }
      },
      "root": "",
      "sourceRoot": "src",
      "prefix": "app",
      "architect": {
        "build": {
          "builder": "@angular-devkit/build-angular:application",
          "options": {
            "outputPath": "dist/schematics-test",
            "index": "src/index.html",
            "browser": "src/main.ts",
            "polyfills": [
              "zone.js"
            ],
            "tsConfig": "tsconfig.app.json",
            "inlineStyleLanguage": "scss",
            "assets": [
              "src/favicon.ico",
              "src/assets"
            ],
            "styles": [
              "src/styles.scss",
              "src/styles/spartacus/organization.scss"
            ],
            "scripts": [],
            "stylePreprocessorOptions": {
              "includePaths": [
                "node_modules/"
              ]
            }
          },
          "configurations": {
            "production": {
              "budgets": [
                {
                  "type": "initial",
                  "maximumWarning": "500kb",
                  "maximumError": "3.5mb"
                },
                {
                  "type": "anyComponentStyle",
                  "maximumWarning": "2kb",
                  "maximumError": "4kb"
                }
              ],
              "outputHashing": "all"
            },
            "development": {
              "optimization": false,
              "extractLicenses": false,
              "sourceMap": true
            }
          },
          "defaultConfiguration": "production"
        },
        "serve": {
          "builder": "@angular-devkit/build-angular:dev-server",
          "configurations": {
            "production": {
              "buildTarget": "schematics-test:build:production"
            },
            "development": {
              "buildTarget": "schematics-test:build:development"
            }
          },
          "defaultConfiguration": "development"
        },
        "extract-i18n": {
          "builder": "@angular-devkit/build-angular:extract-i18n",
          "options": {
            "buildTarget": "schematics-test:build"
          }
        },
        "test": {
          "builder": "@angular-devkit/build-angular:karma",
          "options": {
            "polyfills": [
              "zone.js",
              "zone.js/testing"
            ],
            "tsConfig": "tsconfig.spec.json",
            "inlineStyleLanguage": "scss",
            "assets": [
              "src/favicon.ico",
              "src/assets"
            ],
            "styles": [
              "src/styles.scss",
              "src/styles/spartacus/organization.scss"
            ],
            "scripts": [],
            "stylePreprocessorOptions": {
              "includePaths": [
                "node_modules/"
              ]
            }
          }
        }
      }
    }
  }
}"
`;

exports[`Spartacus Organization schematics: ng-add Administration feature eager loading should import appropriate modules 1`] = `
"import { NgModule } from '@angular/core';
import { I18nConfig, provideConfig } from "@spartacus/core";
import { AdministrationModule } from "@spartacus/organization/administration";
import { organizationTranslationChunksConfig, organizationTranslations } from "@spartacus/organization/administration/assets";
import { AdministrationRootModule } from "@spartacus/organization/administration/root";

@NgModule({
  declarations: [],
  imports: [
    AdministrationRootModule,
    AdministrationModule
  ],
  providers: [provideConfig(<I18nConfig>{
    i18n: {
      resources: organizationTranslations,
      chunks: organizationTranslationChunksConfig,
    },
  })]
})
export class OrganizationAdministrationFeatureModule { }
"
`;

exports[`Spartacus Organization schematics: ng-add Administration feature general setup b2b features configuration should be added 1`] = `
"import { NgModule } from '@angular/core';
import { translationChunksConfig, translations } from "@spartacus/assets";
import { FeaturesConfig, I18nConfig, OccConfig, provideConfig, SiteContextConfig } from "@spartacus/core";
import { defaultB2bOccConfig } from "@spartacus/setup";
import { defaultCmsContentProviders, layoutConfig, mediaConfig } from "@spartacus/storefront";

@NgModule({
  declarations: [],
  imports: [
  ],
  providers: [provideConfig(layoutConfig), provideConfig(mediaConfig), ...defaultCmsContentProviders, provideConfig(<OccConfig>{
    backend: {
      occ: {
        baseUrl: 'https://localhost:9002',
      }
    },
  }), provideConfig(<SiteContextConfig>{
    context: {},
  }), provideConfig(<I18nConfig>{
    i18n: {
      resources: translations,
      chunks: translationChunksConfig,
      fallbackLang: 'en'
    },
  }), provideConfig(<FeaturesConfig>{
    features: {
      level: '2211.31'
    }
  }), provideConfig(defaultB2bOccConfig)]
})
export class SpartacusConfigurationModule { }
"
`;

exports[`Spartacus Organization schematics: ng-add Administration feature general setup should add the feature using the lazy loading syntax 1`] = `
"import { NgModule } from '@angular/core';
import { CmsConfig, I18nConfig, provideConfig } from "@spartacus/core";
import { organizationTranslationChunksConfig, organizationTranslations } from "@spartacus/organization/administration/assets";
import { AdministrationRootModule, ORGANIZATION_ADMINISTRATION_FEATURE } from "@spartacus/organization/administration/root";

@NgModule({
  declarations: [],
  imports: [
    AdministrationRootModule
  ],
  providers: [provideConfig(<CmsConfig>{
    featureModules: {
      [ORGANIZATION_ADMINISTRATION_FEATURE]: {
        module: () =>
          import('@spartacus/organization/administration').then((m) => m.AdministrationModule),
      },
    }
  }),
  provideConfig(<I18nConfig>{
    i18n: {
      resources: organizationTranslations,
      chunks: organizationTranslationChunksConfig,
    },
  })
  ]
})
export class OrganizationAdministrationFeatureModule { }
"
`;

exports[`Spartacus Organization schematics: ng-add Administration feature general setup styling should create a proper scss file 1`] = `
"@import "../../styles-config";
@import "@spartacus/organization";
"
`;

exports[`Spartacus Organization schematics: ng-add Administration feature general setup styling should update angular.json 1`] = `
"{
  "$schema": "./node_modules/@angular/cli/lib/config/schema.json",
  "version": 1,
  "newProjectRoot": "",
  "projects": {
    "schematics-test": {
      "projectType": "application",
      "schematics": {
        "@schematics/angular:component": {
          "style": "scss",
          "standalone": false
        },
        "@schematics/angular:directive": {
          "standalone": false
        },
        "@schematics/angular:pipe": {
          "standalone": false
        }
      },
      "root": "",
      "sourceRoot": "src",
      "prefix": "app",
      "architect": {
        "build": {
          "builder": "@angular-devkit/build-angular:application",
          "options": {
            "outputPath": "dist/schematics-test",
            "index": "src/index.html",
            "browser": "src/main.ts",
            "polyfills": [
              "zone.js"
            ],
            "tsConfig": "tsconfig.app.json",
            "inlineStyleLanguage": "scss",
            "assets": [
              "src/favicon.ico",
              "src/assets"
            ],
            "styles": [
              "src/styles.scss",
              "src/styles/spartacus/organization.scss"
            ],
            "scripts": [],
            "stylePreprocessorOptions": {
              "includePaths": [
                "node_modules/"
              ]
            }
          },
          "configurations": {
            "production": {
              "budgets": [
                {
                  "type": "initial",
                  "maximumWarning": "500kb",
                  "maximumError": "3.5mb"
                },
                {
                  "type": "anyComponentStyle",
                  "maximumWarning": "2kb",
                  "maximumError": "4kb"
                }
              ],
              "outputHashing": "all"
            },
            "development": {
              "optimization": false,
              "extractLicenses": false,
              "sourceMap": true
            }
          },
          "defaultConfiguration": "production"
        },
        "serve": {
          "builder": "@angular-devkit/build-angular:dev-server",
          "configurations": {
            "production": {
              "buildTarget": "schematics-test:build:production"
            },
            "development": {
              "buildTarget": "schematics-test:build:development"
            }
          },
          "defaultConfiguration": "development"
        },
        "extract-i18n": {
          "builder": "@angular-devkit/build-angular:extract-i18n",
          "options": {
            "buildTarget": "schematics-test:build"
          }
        },
        "test": {
          "builder": "@angular-devkit/build-angular:karma",
          "options": {
            "polyfills": [
              "zone.js",
              "zone.js/testing"
            ],
            "tsConfig": "tsconfig.spec.json",
            "inlineStyleLanguage": "scss",
            "assets": [
              "src/favicon.ico",
              "src/assets"
            ],
            "styles": [
              "src/styles.scss",
              "src/styles/spartacus/organization.scss"
            ],
            "scripts": [],
            "stylePreprocessorOptions": {
              "includePaths": [
                "node_modules/"
              ]
            }
          }
        }
      }
    }
  }
}"
`;

exports[`Spartacus Organization schematics: ng-add Order approval feature eager loading should import appropriate modules 1`] = `
"import { NgModule } from '@angular/core';
import { I18nConfig, provideConfig } from "@spartacus/core";
import { OrderApprovalModule } from "@spartacus/organization/order-approval";
import { orderApprovalTranslationChunksConfig, orderApprovalTranslations } from "@spartacus/organization/order-approval/assets";
import { OrderApprovalRootModule } from "@spartacus/organization/order-approval/root";

@NgModule({
  declarations: [],
  imports: [
    OrderApprovalRootModule,
    OrderApprovalModule
  ],
  providers: [provideConfig(<I18nConfig>{
    i18n: {
      resources: orderApprovalTranslations,
      chunks: orderApprovalTranslationChunksConfig,
    },
  })]
})
export class OrganizationOrderApprovalFeatureModule { }
"
`;

exports[`Spartacus Organization schematics: ng-add Order approval feature general setup b2b features configuration should be added 1`] = `
"import { NgModule } from '@angular/core';
import { translationChunksConfig, translations } from "@spartacus/assets";
import { FeaturesConfig, I18nConfig, OccConfig, provideConfig, SiteContextConfig } from "@spartacus/core";
import { defaultB2bOccConfig } from "@spartacus/setup";
import { defaultCmsContentProviders, layoutConfig, mediaConfig } from "@spartacus/storefront";

@NgModule({
  declarations: [],
  imports: [
  ],
  providers: [provideConfig(layoutConfig), provideConfig(mediaConfig), ...defaultCmsContentProviders, provideConfig(<OccConfig>{
    backend: {
      occ: {
        baseUrl: 'https://localhost:9002',
      }
    },
  }), provideConfig(<SiteContextConfig>{
    context: {},
  }), provideConfig(<I18nConfig>{
    i18n: {
      resources: translations,
      chunks: translationChunksConfig,
      fallbackLang: 'en'
    },
  }), provideConfig(<FeaturesConfig>{
    features: {
      level: '2211.31'
    }
  }), provideConfig(defaultB2bOccConfig)]
})
export class SpartacusConfigurationModule { }
"
`;

exports[`Spartacus Organization schematics: ng-add Order approval feature general setup should add the feature using the lazy loading syntax 1`] = `
"import { NgModule } from '@angular/core';
import { CmsConfig, I18nConfig, provideConfig } from "@spartacus/core";
import { orderApprovalTranslationChunksConfig, orderApprovalTranslations } from "@spartacus/organization/order-approval/assets";
import { OrderApprovalRootModule, ORGANIZATION_ORDER_APPROVAL_FEATURE } from "@spartacus/organization/order-approval/root";

@NgModule({
  declarations: [],
  imports: [
    OrderApprovalRootModule
  ],
  providers: [provideConfig(<CmsConfig>{
    featureModules: {
      [ORGANIZATION_ORDER_APPROVAL_FEATURE]: {
        module: () =>
          import('@spartacus/organization/order-approval').then((m) => m.OrderApprovalModule),
      },
    }
  }),
  provideConfig(<I18nConfig>{
    i18n: {
      resources: orderApprovalTranslations,
      chunks: orderApprovalTranslationChunksConfig,
    },
  })
  ]
})
export class OrganizationOrderApprovalFeatureModule { }
"
`;

exports[`Spartacus Organization schematics: ng-add Order approval feature general setup styling should create a proper scss file 1`] = `
"@import "../../styles-config";
@import "@spartacus/organization";
"
`;

exports[`Spartacus Organization schematics: ng-add Order approval feature general setup styling should update angular.json 1`] = `
"{
  "$schema": "./node_modules/@angular/cli/lib/config/schema.json",
  "version": 1,
  "newProjectRoot": "",
  "projects": {
    "schematics-test": {
      "projectType": "application",
      "schematics": {
        "@schematics/angular:component": {
          "style": "scss",
          "standalone": false
        },
        "@schematics/angular:directive": {
          "standalone": false
        },
        "@schematics/angular:pipe": {
          "standalone": false
        }
      },
      "root": "",
      "sourceRoot": "src",
      "prefix": "app",
      "architect": {
        "build": {
          "builder": "@angular-devkit/build-angular:application",
          "options": {
            "outputPath": "dist/schematics-test",
            "index": "src/index.html",
            "browser": "src/main.ts",
            "polyfills": [
              "zone.js"
            ],
            "tsConfig": "tsconfig.app.json",
            "inlineStyleLanguage": "scss",
            "assets": [
              "src/favicon.ico",
              "src/assets"
            ],
            "styles": [
              "src/styles.scss",
              "src/styles/spartacus/organization.scss"
            ],
            "scripts": [],
            "stylePreprocessorOptions": {
              "includePaths": [
                "node_modules/"
              ]
            }
          },
          "configurations": {
            "production": {
              "budgets": [
                {
                  "type": "initial",
                  "maximumWarning": "500kb",
                  "maximumError": "3.5mb"
                },
                {
                  "type": "anyComponentStyle",
                  "maximumWarning": "2kb",
                  "maximumError": "4kb"
                }
              ],
              "outputHashing": "all"
            },
            "development": {
              "optimization": false,
              "extractLicenses": false,
              "sourceMap": true
            }
          },
          "defaultConfiguration": "production"
        },
        "serve": {
          "builder": "@angular-devkit/build-angular:dev-server",
          "configurations": {
            "production": {
              "buildTarget": "schematics-test:build:production"
            },
            "development": {
              "buildTarget": "schematics-test:build:development"
            }
          },
          "defaultConfiguration": "development"
        },
        "extract-i18n": {
          "builder": "@angular-devkit/build-angular:extract-i18n",
          "options": {
            "buildTarget": "schematics-test:build"
          }
        },
        "test": {
          "builder": "@angular-devkit/build-angular:karma",
          "options": {
            "polyfills": [
              "zone.js",
              "zone.js/testing"
            ],
            "tsConfig": "tsconfig.spec.json",
            "inlineStyleLanguage": "scss",
            "assets": [
              "src/favicon.ico",
              "src/assets"
            ],
            "styles": [
              "src/styles.scss",
              "src/styles/spartacus/organization.scss"
            ],
            "scripts": [],
            "stylePreprocessorOptions": {
              "includePaths": [
                "node_modules/"
              ]
            }
          }
        }
      }
    }
  }
}"
`;

exports[`Spartacus Organization schematics: ng-add Unit order feature eager loading should import appropriate modules 1`] = `
"import { NgModule } from '@angular/core';
import { I18nConfig, provideConfig } from "@spartacus/core";
import { UnitOrderModule } from "@spartacus/organization/unit-order";
import { unitOrderTranslationChunksConfig, unitOrderTranslations } from "@spartacus/organization/unit-order/assets";
import { UnitOrderRootModule } from "@spartacus/organization/unit-order/root";

@NgModule({
  declarations: [],
  imports: [
    UnitOrderRootModule,
    UnitOrderModule
  ],
  providers: [provideConfig(<I18nConfig>{
    i18n: {
      resources: unitOrderTranslations,
      chunks: unitOrderTranslationChunksConfig,
    },
  })]
})
export class OrganizationUnitOrderFeatureModule { }
"
`;

exports[`Spartacus Organization schematics: ng-add Unit order feature general setup b2b features configuration should be added 1`] = `
"import { NgModule } from '@angular/core';
import { translationChunksConfig, translations } from "@spartacus/assets";
import { FeaturesConfig, I18nConfig, OccConfig, provideConfig, SiteContextConfig } from "@spartacus/core";
import { defaultB2bOccConfig } from "@spartacus/setup";
import { defaultCmsContentProviders, layoutConfig, mediaConfig } from "@spartacus/storefront";

@NgModule({
  declarations: [],
  imports: [
  ],
  providers: [provideConfig(layoutConfig), provideConfig(mediaConfig), ...defaultCmsContentProviders, provideConfig(<OccConfig>{
    backend: {
      occ: {
        baseUrl: 'https://localhost:9002',
      }
    },
  }), provideConfig(<SiteContextConfig>{
    context: {},
  }), provideConfig(<I18nConfig>{
    i18n: {
      resources: translations,
      chunks: translationChunksConfig,
      fallbackLang: 'en'
    },
  }), provideConfig(<FeaturesConfig>{
    features: {
      level: '2211.31'
    }
  }), provideConfig(defaultB2bOccConfig)]
})
export class SpartacusConfigurationModule { }
"
`;

exports[`Spartacus Organization schematics: ng-add Unit order feature general setup should add the feature using the lazy loading syntax 1`] = `
"import { NgModule } from '@angular/core';
import { CmsConfig, I18nConfig, provideConfig } from "@spartacus/core";
import { unitOrderTranslationChunksConfig, unitOrderTranslations } from "@spartacus/organization/unit-order/assets";
import { ORGANIZATION_UNIT_ORDER_FEATURE, UnitOrderRootModule } from "@spartacus/organization/unit-order/root";

@NgModule({
  declarations: [],
  imports: [
    UnitOrderRootModule
  ],
  providers: [provideConfig(<CmsConfig>{
    featureModules: {
      [ORGANIZATION_UNIT_ORDER_FEATURE]: {
        module: () =>
          import('@spartacus/organization/unit-order').then((m) => m.UnitOrderModule),
      },
    }
  }),
  provideConfig(<I18nConfig>{
    i18n: {
      resources: unitOrderTranslations,
      chunks: unitOrderTranslationChunksConfig,
    },
  })
  ]
})
export class OrganizationUnitOrderFeatureModule { }
"
`;

exports[`Spartacus Organization schematics: ng-add Unit order feature general setup styling should create a proper scss file 1`] = `
"@import "../../styles-config";
@import "@spartacus/organization";
"
`;

exports[`Spartacus Organization schematics: ng-add Unit order feature general setup styling should update angular.json 1`] = `
"{
  "$schema": "./node_modules/@angular/cli/lib/config/schema.json",
  "version": 1,
  "newProjectRoot": "",
  "projects": {
    "schematics-test": {
      "projectType": "application",
      "schematics": {
        "@schematics/angular:component": {
          "style": "scss",
          "standalone": false
        },
        "@schematics/angular:directive": {
          "standalone": false
        },
        "@schematics/angular:pipe": {
          "standalone": false
        }
      },
      "root": "",
      "sourceRoot": "src",
      "prefix": "app",
      "architect": {
        "build": {
          "builder": "@angular-devkit/build-angular:application",
          "options": {
            "outputPath": "dist/schematics-test",
            "index": "src/index.html",
            "browser": "src/main.ts",
            "polyfills": [
              "zone.js"
            ],
            "tsConfig": "tsconfig.app.json",
            "inlineStyleLanguage": "scss",
            "assets": [
              "src/favicon.ico",
              "src/assets"
            ],
            "styles": [
              "src/styles.scss",
              "src/styles/spartacus/organization.scss"
            ],
            "scripts": [],
            "stylePreprocessorOptions": {
              "includePaths": [
                "node_modules/"
              ]
            }
          },
          "configurations": {
            "production": {
              "budgets": [
                {
                  "type": "initial",
                  "maximumWarning": "500kb",
                  "maximumError": "3.5mb"
                },
                {
                  "type": "anyComponentStyle",
                  "maximumWarning": "2kb",
                  "maximumError": "4kb"
                }
              ],
              "outputHashing": "all"
            },
            "development": {
              "optimization": false,
              "extractLicenses": false,
              "sourceMap": true
            }
          },
          "defaultConfiguration": "production"
        },
        "serve": {
          "builder": "@angular-devkit/build-angular:dev-server",
          "configurations": {
            "production": {
              "buildTarget": "schematics-test:build:production"
            },
            "development": {
              "buildTarget": "schematics-test:build:development"
            }
          },
          "defaultConfiguration": "development"
        },
        "extract-i18n": {
          "builder": "@angular-devkit/build-angular:extract-i18n",
          "options": {
            "buildTarget": "schematics-test:build"
          }
        },
        "test": {
          "builder": "@angular-devkit/build-angular:karma",
          "options": {
            "polyfills": [
              "zone.js",
              "zone.js/testing"
            ],
            "tsConfig": "tsconfig.spec.json",
            "inlineStyleLanguage": "scss",
            "assets": [
              "src/favicon.ico",
              "src/assets"
            ],
            "styles": [
              "src/styles.scss",
              "src/styles/spartacus/organization.scss"
            ],
            "scripts": [],
            "stylePreprocessorOptions": {
              "includePaths": [
                "node_modules/"
              ]
            }
          }
        }
      }
    }
  }
}"
`;

exports[`Spartacus Organization schematics: ng-add User registration feature eager loading should import appropriate modules 1`] = `
"import { NgModule } from '@angular/core';
import { I18nConfig, provideConfig } from "@spartacus/core";
import { OrganizationUserRegistrationModule } from "@spartacus/organization/user-registration";
import { organizationUserRegistrationTranslationChunksConfig, organizationUserRegistrationTranslations } from "@spartacus/organization/user-registration/assets";
import { OrganizationUserRegistrationRootModule } from "@spartacus/organization/user-registration/root";

@NgModule({
  declarations: [],
  imports: [
    OrganizationUserRegistrationRootModule,
    OrganizationUserRegistrationModule
  ],
  providers: [provideConfig(<I18nConfig>{
    i18n: {
      resources: organizationUserRegistrationTranslations,
      chunks: organizationUserRegistrationTranslationChunksConfig,
    },
  })]
})
export class OrganizationUserRegistrationFeatureModule { }
"
`;

exports[`Spartacus Organization schematics: ng-add User registration feature general setup b2b features configuration should be added 1`] = `
"import { NgModule } from '@angular/core';
import { translationChunksConfig, translations } from "@spartacus/assets";
import { FeaturesConfig, I18nConfig, OccConfig, provideConfig, SiteContextConfig } from "@spartacus/core";
import { defaultB2bOccConfig } from "@spartacus/setup";
import { defaultCmsContentProviders, layoutConfig, mediaConfig } from "@spartacus/storefront";

@NgModule({
  declarations: [],
  imports: [
  ],
  providers: [provideConfig(layoutConfig), provideConfig(mediaConfig), ...defaultCmsContentProviders, provideConfig(<OccConfig>{
    backend: {
      occ: {
        baseUrl: 'https://localhost:9002',
      }
    },
  }), provideConfig(<SiteContextConfig>{
    context: {},
  }), provideConfig(<I18nConfig>{
    i18n: {
      resources: translations,
      chunks: translationChunksConfig,
      fallbackLang: 'en'
    },
  }), provideConfig(<FeaturesConfig>{
    features: {
      level: '2211.31'
    }
  }), provideConfig(defaultB2bOccConfig)]
})
export class SpartacusConfigurationModule { }
"
`;

exports[`Spartacus Organization schematics: ng-add User registration feature general setup should add the feature using the lazy loading syntax 1`] = `
"import { NgModule } from '@angular/core';
import { CmsConfig, I18nConfig, provideConfig } from "@spartacus/core";
import { organizationUserRegistrationTranslationChunksConfig, organizationUserRegistrationTranslations } from "@spartacus/organization/user-registration/assets";
import { ORGANIZATION_USER_REGISTRATION_FEATURE, OrganizationUserRegistrationRootModule } from "@spartacus/organization/user-registration/root";

@NgModule({
  declarations: [],
  imports: [
    OrganizationUserRegistrationRootModule
  ],
  providers: [provideConfig(<CmsConfig>{
    featureModules: {
      [ORGANIZATION_USER_REGISTRATION_FEATURE]: {
        module: () =>
          import('@spartacus/organization/user-registration').then((m) => m.OrganizationUserRegistrationModule),
      },
    }
  }),
  provideConfig(<I18nConfig>{
    i18n: {
      resources: organizationUserRegistrationTranslations,
      chunks: organizationUserRegistrationTranslationChunksConfig,
    },
  })
  ]
})
export class OrganizationUserRegistrationFeatureModule { }
"
`;

exports[`Spartacus Organization schematics: ng-add User registration feature general setup styling should create a proper scss file 1`] = `
"@import "../../styles-config";
@import "@spartacus/organization";
"
`;

exports[`Spartacus Organization schematics: ng-add User registration feature general setup styling should update angular.json 1`] = `
"{
  "$schema": "./node_modules/@angular/cli/lib/config/schema.json",
  "version": 1,
  "newProjectRoot": "",
  "projects": {
    "schematics-test": {
      "projectType": "application",
      "schematics": {
        "@schematics/angular:component": {
          "style": "scss",
          "standalone": false
        },
        "@schematics/angular:directive": {
          "standalone": false
        },
        "@schematics/angular:pipe": {
          "standalone": false
        }
      },
      "root": "",
      "sourceRoot": "src",
      "prefix": "app",
      "architect": {
        "build": {
          "builder": "@angular-devkit/build-angular:application",
          "options": {
            "outputPath": "dist/schematics-test",
            "index": "src/index.html",
            "browser": "src/main.ts",
            "polyfills": [
              "zone.js"
            ],
            "tsConfig": "tsconfig.app.json",
            "inlineStyleLanguage": "scss",
            "assets": [
              "src/favicon.ico",
              "src/assets"
            ],
            "styles": [
              "src/styles.scss",
              "src/styles/spartacus/organization.scss"
            ],
            "scripts": [],
            "stylePreprocessorOptions": {
              "includePaths": [
                "node_modules/"
              ]
            }
          },
          "configurations": {
            "production": {
              "budgets": [
                {
                  "type": "initial",
                  "maximumWarning": "500kb",
                  "maximumError": "3.5mb"
                },
                {
                  "type": "anyComponentStyle",
                  "maximumWarning": "2kb",
                  "maximumError": "4kb"
                }
              ],
              "outputHashing": "all"
            },
            "development": {
              "optimization": false,
              "extractLicenses": false,
              "sourceMap": true
            }
          },
          "defaultConfiguration": "production"
        },
        "serve": {
          "builder": "@angular-devkit/build-angular:dev-server",
          "configurations": {
            "production": {
              "buildTarget": "schematics-test:build:production"
            },
            "development": {
              "buildTarget": "schematics-test:build:development"
            }
          },
          "defaultConfiguration": "development"
        },
        "extract-i18n": {
          "builder": "@angular-devkit/build-angular:extract-i18n",
          "options": {
            "buildTarget": "schematics-test:build"
          }
        },
        "test": {
          "builder": "@angular-devkit/build-angular:karma",
          "options": {
            "polyfills": [
              "zone.js",
              "zone.js/testing"
            ],
            "tsConfig": "tsconfig.spec.json",
            "inlineStyleLanguage": "scss",
            "assets": [
              "src/favicon.ico",
              "src/assets"
            ],
            "styles": [
              "src/styles.scss",
              "src/styles/spartacus/organization.scss"
            ],
            "scripts": [],
            "stylePreprocessorOptions": {
              "includePaths": [
                "node_modules/"
              ]
            }
          }
        }
      }
    }
  }
}"
`;
